Archive member included to satisfy reference by file (symbol)

C:/ST/STM32CubeIDE_1.14.1/STM32CubeIDE/plugins/com.st.stm32cube.ide.mcu.externaltools.gnu-tools-for-stm32.11.3.rel1.win32_1.1.100.202309141235/tools/bin/../lib/gcc/arm-none-eabi/11.3.1/../../../../arm-none-eabi/lib/thumb/v7e-m+fp/hard\libc_nano.a(libc_a-exit.o)
                              C:/ST/STM32CubeIDE_1.14.1/STM32CubeIDE/plugins/com.st.stm32cube.ide.mcu.externaltools.gnu-tools-for-stm32.11.3.rel1.win32_1.1.100.202309141235/tools/bin/../lib/gcc/arm-none-eabi/11.3.1/../../../../arm-none-eabi/lib/thumb/v7e-m+fp/hard/crt0.o (exit)
C:/ST/STM32CubeIDE_1.14.1/STM32CubeIDE/plugins/com.st.stm32cube.ide.mcu.externaltools.gnu-tools-for-stm32.11.3.rel1.win32_1.1.100.202309141235/tools/bin/../lib/gcc/arm-none-eabi/11.3.1/../../../../arm-none-eabi/lib/thumb/v7e-m+fp/hard\libc_nano.a(libc_a-findfp.o)
                              C:/ST/STM32CubeIDE_1.14.1/STM32CubeIDE/plugins/com.st.stm32cube.ide.mcu.externaltools.gnu-tools-for-stm32.11.3.rel1.win32_1.1.100.202309141235/tools/bin/../lib/gcc/arm-none-eabi/11.3.1/../../../../arm-none-eabi/lib/thumb/v7e-m+fp/hard\libc_nano.a(libc_a-exit.o) (__stdio_exit_handler)
C:/ST/STM32CubeIDE_1.14.1/STM32CubeIDE/plugins/com.st.stm32cube.ide.mcu.externaltools.gnu-tools-for-stm32.11.3.rel1.win32_1.1.100.202309141235/tools/bin/../lib/gcc/arm-none-eabi/11.3.1/../../../../arm-none-eabi/lib/thumb/v7e-m+fp/hard\libc_nano.a(libc_a-fwalk.o)
                              C:/ST/STM32CubeIDE_1.14.1/STM32CubeIDE/plugins/com.st.stm32cube.ide.mcu.externaltools.gnu-tools-for-stm32.11.3.rel1.win32_1.1.100.202309141235/tools/bin/../lib/gcc/arm-none-eabi/11.3.1/../../../../arm-none-eabi/lib/thumb/v7e-m+fp/hard\libc_nano.a(libc_a-findfp.o) (_fwalk_sglue)
C:/ST/STM32CubeIDE_1.14.1/STM32CubeIDE/plugins/com.st.stm32cube.ide.mcu.externaltools.gnu-tools-for-stm32.11.3.rel1.win32_1.1.100.202309141235/tools/bin/../lib/gcc/arm-none-eabi/11.3.1/../../../../arm-none-eabi/lib/thumb/v7e-m+fp/hard\libc_nano.a(libc_a-stdio.o)
                              C:/ST/STM32CubeIDE_1.14.1/STM32CubeIDE/plugins/com.st.stm32cube.ide.mcu.externaltools.gnu-tools-for-stm32.11.3.rel1.win32_1.1.100.202309141235/tools/bin/../lib/gcc/arm-none-eabi/11.3.1/../../../../arm-none-eabi/lib/thumb/v7e-m+fp/hard\libc_nano.a(libc_a-findfp.o) (__sread)
C:/ST/STM32CubeIDE_1.14.1/STM32CubeIDE/plugins/com.st.stm32cube.ide.mcu.externaltools.gnu-tools-for-stm32.11.3.rel1.win32_1.1.100.202309141235/tools/bin/../lib/gcc/arm-none-eabi/11.3.1/../../../../arm-none-eabi/lib/thumb/v7e-m+fp/hard\libc_nano.a(libc_a-memset.o)
                              C:/ST/STM32CubeIDE_1.14.1/STM32CubeIDE/plugins/com.st.stm32cube.ide.mcu.externaltools.gnu-tools-for-stm32.11.3.rel1.win32_1.1.100.202309141235/tools/bin/../lib/gcc/arm-none-eabi/11.3.1/../../../../arm-none-eabi/lib/thumb/v7e-m+fp/hard/crt0.o (memset)
C:/ST/STM32CubeIDE_1.14.1/STM32CubeIDE/plugins/com.st.stm32cube.ide.mcu.externaltools.gnu-tools-for-stm32.11.3.rel1.win32_1.1.100.202309141235/tools/bin/../lib/gcc/arm-none-eabi/11.3.1/../../../../arm-none-eabi/lib/thumb/v7e-m+fp/hard\libc_nano.a(libc_a-closer.o)
                              C:/ST/STM32CubeIDE_1.14.1/STM32CubeIDE/plugins/com.st.stm32cube.ide.mcu.externaltools.gnu-tools-for-stm32.11.3.rel1.win32_1.1.100.202309141235/tools/bin/../lib/gcc/arm-none-eabi/11.3.1/../../../../arm-none-eabi/lib/thumb/v7e-m+fp/hard\libc_nano.a(libc_a-stdio.o) (_close_r)
C:/ST/STM32CubeIDE_1.14.1/STM32CubeIDE/plugins/com.st.stm32cube.ide.mcu.externaltools.gnu-tools-for-stm32.11.3.rel1.win32_1.1.100.202309141235/tools/bin/../lib/gcc/arm-none-eabi/11.3.1/../../../../arm-none-eabi/lib/thumb/v7e-m+fp/hard\libc_nano.a(libc_a-reent.o)
                              C:/ST/STM32CubeIDE_1.14.1/STM32CubeIDE/plugins/com.st.stm32cube.ide.mcu.externaltools.gnu-tools-for-stm32.11.3.rel1.win32_1.1.100.202309141235/tools/bin/../lib/gcc/arm-none-eabi/11.3.1/../../../../arm-none-eabi/lib/thumb/v7e-m+fp/hard\libc_nano.a(libc_a-closer.o) (errno)
C:/ST/STM32CubeIDE_1.14.1/STM32CubeIDE/plugins/com.st.stm32cube.ide.mcu.externaltools.gnu-tools-for-stm32.11.3.rel1.win32_1.1.100.202309141235/tools/bin/../lib/gcc/arm-none-eabi/11.3.1/../../../../arm-none-eabi/lib/thumb/v7e-m+fp/hard\libc_nano.a(libc_a-impure.o)
                              C:/ST/STM32CubeIDE_1.14.1/STM32CubeIDE/plugins/com.st.stm32cube.ide.mcu.externaltools.gnu-tools-for-stm32.11.3.rel1.win32_1.1.100.202309141235/tools/bin/../lib/gcc/arm-none-eabi/11.3.1/../../../../arm-none-eabi/lib/thumb/v7e-m+fp/hard\libc_nano.a(libc_a-reent.o) (_impure_ptr)
C:/ST/STM32CubeIDE_1.14.1/STM32CubeIDE/plugins/com.st.stm32cube.ide.mcu.externaltools.gnu-tools-for-stm32.11.3.rel1.win32_1.1.100.202309141235/tools/bin/../lib/gcc/arm-none-eabi/11.3.1/../../../../arm-none-eabi/lib/thumb/v7e-m+fp/hard\libc_nano.a(libc_a-lseekr.o)
[...]
Memory Configuration

Name             Origin             Length             Attributes
CCMRAM           0x0000000010000000 0x0000000000004000 xrw
RAM              0x0000000020000000 0x0000000000010000 xrw
FLASH            0x0000000008000000 0x0000000000080000 xr
*default*        0x0000000000000000 0xffffffffffffffff

Linker script and memory map

LOAD C:/ST/STM32CubeIDE_1.14.1/STM32CubeIDE/plugins/com.st.stm32cube.ide.mcu.externaltools.gnu-tools-for-stm32.11.3.rel1.win32_1.1.100.202309141235/tools/bin/../lib/gcc/arm-none-eabi/11.3.1/thumb/v7e-m+fp/hard/crti.o
LOAD C:/ST/STM32CubeIDE_1.14.1/STM32CubeIDE/plugins/com.st.stm32cube.ide.mcu.externaltools.gnu-tools-for-stm32.11.3.rel1.win32_1.1.100.202309141235/tools/bin/../lib/gcc/arm-none-eabi/11.3.1/thumb/v7e-m+fp/hard/crtbegin.o
LOAD C:/ST/STM32CubeIDE_1.14.1/STM32CubeIDE/plugins/com.st.stm32cube.ide.mcu.externaltools.gnu-tools-for-stm32.11.3.rel1.win32_1.1.100.202309141235/tools/bin/../lib/gcc/arm-none-eabi/11.3.1/../../../../arm-none-eabi/lib/thumb/v7e-m+fp/hard/crt0.o
LOAD ./Core/Src/dma.o
LOAD ./Core/Src/gpio.o
LOAD ./Core/Src/main.o
LOAD ./Core/Src/spi.o
LOAD ./Core/Src/stm32f3xx_hal_msp.o
LOAD ./Core/Src/stm32f3xx_it.o
LOAD ./Core/Src/syscalls.o
LOAD ./Core/Src/sysmem.o
LOAD ./Core/Src/system_stm32f3xx.o
LOAD ./Core/Src/usart.o
LOAD ./Core/Startup/startup_stm32f303retx.o
LOAD ./Core/lib/nRF24/NRF24L01.o
LOAD ./Core/lib/sbus/sbus.o
LOAD ./Drivers/STM32F3xx_HAL_Driver/Src/stm32f3xx_hal.o
LOAD ./Drivers/STM32F3xx_HAL_Driver/Src/stm32f3xx_hal_cortex.o
LOAD ./Drivers/STM32F3xx_HAL_Driver/Src/stm32f3xx_hal_dma.o
LOAD ./Drivers/STM32F3xx_HAL_Driver/Src/stm32f3xx_hal_exti.o
LOAD ./Drivers/STM32F3xx_HAL_Driver/Src/stm32f3xx_hal_flash.o
LOAD ./Drivers/STM32F3xx_HAL_Driver/Src/stm32f3xx_hal_flash_ex.o
LOAD ./Drivers/STM32F3xx_HAL_Driver/Src/stm32f3xx_hal_gpio.o
LOAD ./Drivers/STM32F3xx_HAL_Driver/Src/stm32f3xx_hal_i2c.o
LOAD ./Drivers/STM32F3xx_HAL_Driver/Src/stm32f3xx_hal_i2c_ex.o
LOAD ./Drivers/STM32F3xx_HAL_Driver/Src/stm32f3xx_hal_pwr.o
LOAD ./Drivers/STM32F3xx_HAL_Driver/Src/stm32f3xx_hal_pwr_ex.o
LOAD ./Drivers/STM32F3xx_HAL_Driver/Src/stm32f3xx_hal_rcc.o
LOAD ./Drivers/STM32F3xx_HAL_Driver/Src/stm32f3xx_hal_rcc_ex.o
LOAD ./Drivers/STM32F3xx_HAL_Driver/Src/stm32f3xx_hal_spi.o
LOAD ./Drivers/STM32F3xx_HAL_Driver/Src/stm32f3xx_hal_spi_ex.o
LOAD ./Drivers/STM32F3xx_HAL_Driver/Src/stm32f3xx_hal_tim.o
LOAD ./Drivers/STM32F3xx_HAL_Driver/Src/stm32f3xx_hal_tim_ex.o
LOAD ./Drivers/STM32F3xx_HAL_Driver/Src/stm32f3xx_hal_uart.o
LOAD ./Drivers/STM32F3xx_HAL_Driver/Src/stm32f3xx_hal_uart_ex.o
START GROUP
LOAD C:/ST/STM32CubeIDE_1.14.1/STM32CubeIDE/plugins/com.st.stm32cube.ide.mcu.externaltools.gnu-tools-for-stm32.11.3.rel1.win32_1.1.100.202309141235/tools/bin/../lib/gcc/arm-none-eabi/11.3.1/../../../../arm-none-eabi/lib/thumb/v7e-m+fp/hard\libc_nano.a
LOAD C:/ST/STM32CubeIDE_1.14.1/STM32CubeIDE/plugins/com.st.stm32cube.ide.mcu.externaltools.gnu-tools-for-stm32.11.3.rel1.win32_1.1.100.202309141235/tools/bin/../lib/gcc/arm-none-eabi/11.3.1/../../../../arm-none-eabi/lib/thumb/v7e-m+fp/hard\libm.a
END GROUP
START GROUP
LOAD C:/ST/STM32CubeIDE_1.14.1/STM32CubeIDE/plugins/com.st.stm32cube.ide.mcu.externaltools.gnu-tools-for-stm32.11.3.rel1.win32_1.1.100.202309141235/tools/bin/../lib/gcc/arm-none-eabi/11.3.1/thumb/v7e-m+fp/hard\libgcc.a
LOAD C:/ST/STM32CubeIDE_1.14.1/STM32CubeIDE/plugins/com.st.stm32cube.ide.mcu.externaltools.gnu-tools-for-stm32.11.3.rel1.win32_1.1.100.202309141235/tools/bin/../lib/gcc/arm-none-eabi/11.3.1/../../../../arm-none-eabi/lib/thumb/v7e-m+fp/hard\libc_nano.a
END GROUP
START GROUP
LOAD C:/ST/STM32CubeIDE_1.14.1/STM32CubeIDE/plugins/com.st.stm32cube.ide.mcu.externaltools.gnu-tools-for-stm32.11.3.rel1.win32_1.1.100.202309141235/tools/bin/../lib/gcc/arm-none-eabi/11.3.1/thumb/v7e-m+fp/hard\libgcc.a
LOAD C:/ST/STM32CubeIDE_1.14.1/STM32CubeIDE/plugins/com.st.stm32cube.ide.mcu.externaltools.gnu-tools-for-stm32.11.3.rel1.win32_1.1.100.202309141235/tools/bin/../lib/gcc/arm-none-eabi/11.3.1/../../../../arm-none-eabi/lib/thumb/v7e-m+fp/hard\libc_nano.a
LOAD C:/ST/STM32CubeIDE_1.14.1/STM32CubeIDE/plugins/com.st.stm32cube.ide.mcu.externaltools.gnu-tools-for-stm32.11.3.rel1.win32_1.1.100.202309141235/tools/bin/../lib/gcc/arm-none-eabi/11.3.1/../../../../arm-none-eabi/lib/thumb/v7e-m+fp/hard\libnosys.a
END GROUP
START GROUP
LOAD C:/ST/STM32CubeIDE_1.14.1/STM32CubeIDE/plugins/com.st.stm32cube.ide.mcu.externaltools.gnu-tools-for-stm32.11.3.rel1.win32_1.1.100.202309141235/tools/bin/../lib/gcc/arm-none-eabi/11.3.1/thumb/v7e-m+fp/hard\libgcc.a
LOAD C:/ST/STM32CubeIDE_1.14.1/STM32CubeIDE/plugins/com.st.stm32cube.ide.mcu.externaltools.gnu-tools-for-stm32.11.3.rel1.win32_1.1.100.202309141235/tools/bin/../lib/gcc/arm-none-eabi/11.3.1/../../../../arm-none-eabi/lib/thumb/v7e-m+fp/hard\libc_nano.a
LOAD C:/ST/STM32CubeIDE_1.14.1/STM32CubeIDE/plugins/com.st.stm32cube.ide.mcu.externaltools.gnu-tools-for-stm32.11.3.rel1.win32_1.1.100.202309141235/tools/bin/../lib/gcc/arm-none-eabi/11.3.1/../../../../arm-none-eabi/lib/thumb/v7e-m+fp/hard\libnosys.a
END GROUP
LOAD C:/ST/STM32CubeIDE_1.14.1/STM32CubeIDE/plugins/com.st.stm32cube.ide.mcu.externaltools.gnu-tools-for-stm32.11.3.rel1.win32_1.1.100.202309141235/tools/bin/../lib/gcc/arm-none-eabi/11.3.1/thumb/v7e-m+fp/hard/crtend.o
LOAD C:/ST/STM32CubeIDE_1.14.1/STM32CubeIDE/plugins/com.st.stm32cube.ide.mcu.externaltools.gnu-tools-for-stm32.11.3.rel1.win32_1.1.100.202309141235/tools/bin/../lib/gcc/arm-none-eabi/11.3.1/thumb/v7e-m+fp/hard/crtn.o
                0x0000000020010000                _estack = (ORIGIN (RAM) + LENGTH (RAM))
                0x0000000000000200                _Min_Heap_Size = 0x200
                0x0000000000000400                _Min_Stack_Size = 0x400

.isr_vector     0x0000000008000000      0x194
                0x0000000008000000                . = ALIGN (0x4)
 *(.isr_vector)
 .isr_vector    0x0000000008000000      0x194 ./Core/Startup/startup_stm32f303retx.o
                0x0000000008000000                g_pfnVectors
                0x0000000008000194                . = ALIGN (0x4)

.text           0x0000000008000194     0x57ec
                0x0000000008000194                . = ALIGN (0x4)
 *(.text)
 .text          0x0000000008000194       0x40 C:/ST/STM32CubeIDE_1.14.1/STM32CubeIDE/plugins/com.st.stm32cube.ide.mcu.externaltools.gnu-tools-for-stm32.11.3.rel1.win32_1.1.100.202309141235/tools/bin/../lib/gcc/arm-none-eabi/11.3.1/thumb/v7e-m+fp/hard/crtbegin.o
 *(.text*)
 .text.MX_DMA_Init
                0x00000000080001d4       0x74 ./Core/Src/dma.o
                0x00000000080001d4                MX_DMA_Init
 .text.MX_GPIO_Init
                0x0000000008000248      0x114 ./Core/Src/gpio.o
                0x0000000008000248                MX_GPIO_Init
 .text.main     0x000000000800035c       0x74 ./Core/Src/main.o
                0x000000000800035c                main
 .text.SystemClock_Config
                0x00000000080003d0       0xc0 ./Core/Src/main.o
                0x00000000080003d0                SystemClock_Config
 .text.convert8to16
                0x0000000008000490       0x58 ./Core/Src/main.o
                0x0000000008000490                convert8to16
 .text.Error_Handler
                0x00000000080004e8        0xa ./Core/Src/main.o
                0x00000000080004e8                Error_Handler
 *fill*         0x00000000080004f2        0x2 
 .text.MX_SPI2_Init
                0x00000000080004f4       0x7c ./Core/Src/spi.o
                0x00000000080004f4                MX_SPI2_Init
 .text.HAL_SPI_MspInit
                0x0000000008000570      0x140 ./Core/Src/spi.o
                0x0000000008000570                HAL_SPI_MspInit
 .text.HAL_MspInit
                0x00000000080006b0       0x48 ./Core/Src/stm32f3xx_hal_msp.o
                0x00000000080006b0                HAL_MspInit
 .text.NMI_Handler
                0x00000000080006f8        0x6 ./Core/Src/stm32f3xx_it.o
                0x00000000080006f8                NMI_Handler
 .text.HardFault_Handler
                0x00000000080006fe        0x6 ./Core/Src/stm32f3xx_it.o
                0x00000000080006fe                HardFault_Handler
 .text.MemManage_Handler
                0x0000000008000704        0x6 ./Core/Src/stm32f3xx_it.o
                0x0000000008000704                MemManage_Handler
 .text.BusFault_Handler
                0x000000000800070a        0x6 ./Core/Src/stm32f3xx_it.o
                0x000000000800070a                BusFault_Handler
 .text.UsageFault_Handler
                0x0000000008000710        0x6 ./Core/Src/stm32f3xx_it.o
                0x0000000008000710                UsageFault_Handler
 .text.SVC_Handler
                0x0000000008000716        0xe ./Core/Src/stm32f3xx_it.o
                0x0000000008000716                SVC_Handler
 .text.DebugMon_Handler
                0x0000000008000724        0xe ./Core/Src/stm32f3xx_it.o
                0x0000000008000724                DebugMon_Handler
 .text.PendSV_Handler
                0x0000000008000732        0xe ./Core/Src/stm32f3xx_it.o
                0x0000000008000732                PendSV_Handler
 .text.SysTick_Handler
                0x0000000008000740        0xc ./Core/Src/stm32f3xx_it.o
                0x0000000008000740                SysTick_Handler
 .text.DMA1_Channel4_IRQHandler
                0x000000000800074c       0x14 ./Core/Src/stm32f3xx_it.o
                0x000000000800074c                DMA1_Channel4_IRQHandler
 .text.DMA1_Channel5_IRQHandler
                0x0000000008000760       0x14 ./Core/Src/stm32f3xx_it.o
                0x0000000008000760                DMA1_Channel5_IRQHandler
 .text.SPI2_IRQHandler
                0x0000000008000774       0x14 ./Core/Src/stm32f3xx_it.o
                0x0000000008000774                SPI2_IRQHandler
 .text.UART4_IRQHandler
                0x0000000008000788       0x14 ./Core/Src/stm32f3xx_it.o
                0x0000000008000788                UART4_IRQHandler
 .text.DMA2_Channel5_IRQHandler
                0x000000000800079c       0x14 ./Core/Src/stm32f3xx_it.o
                0x000000000800079c                DMA2_Channel5_IRQHandler
 .text.SystemInit
                0x00000000080007b0       0x24 ./Core/Src/system_stm32f3xx.o
                0x00000000080007b0                SystemInit
 .text.MX_UART4_Init
                0x00000000080007d4       0x70 ./Core/Src/usart.o
                0x00000000080007d4                MX_UART4_Init
 .text.MX_USART2_UART_Init
                0x0000000008000844       0x60 ./Core/Src/usart.o
                0x0000000008000844                MX_USART2_UART_Init
 .text.HAL_UART_MspInit
                0x00000000080008a4      0x150 ./Core/Src/usart.o
                0x00000000080008a4                HAL_UART_MspInit
 .text.Reset_Handler
                0x00000000080009f4       0x50 ./Core/Startup/startup_stm32f303retx.o
                0x00000000080009f4                Reset_Handler
 .text.Default_Handler
                0x0000000008000a44        0x2 ./Core/Startup/startup_stm32f303retx.o
                0x0000000008000a44                RTC_Alarm_IRQHandler
                0x0000000008000a44                TIM8_TRG_COM_IRQHandler
                0x0000000008000a44                TIM8_CC_IRQHandler
                0x0000000008000a44                SPI4_IRQHandler
                0x0000000008000a44                TIM1_CC_IRQHandler
                0x0000000008000a44                USB_HP_IRQHandler
                0x0000000008000a44                PVD_IRQHandler
                0x0000000008000a44                TAMP_STAMP_IRQHandler
                0x0000000008000a44                EXTI3_IRQHandler
                0x0000000008000a44                I2C3_ER_IRQHandler
                0x0000000008000a44                USB_HP_CAN_TX_IRQHandler
                0x0000000008000a44                EXTI0_IRQHandler
                0x0000000008000a44                I2C2_EV_IRQHandler
                0x0000000008000a44                FPU_IRQHandler
                0x0000000008000a44                TIM1_UP_TIM16_IRQHandler
                0x0000000008000a44                ADC1_2_IRQHandler
                0x0000000008000a44                SPI1_IRQHandler
                0x0000000008000a44                CAN_SCE_IRQHandler
                0x0000000008000a44                TIM6_DAC_IRQHandler
                0x0000000008000a44                TIM8_UP_IRQHandler
                0x0000000008000a44                DMA2_Channel2_IRQHandler
                0x0000000008000a44                TIM20_TRG_COM_IRQHandler
                0x0000000008000a44                USART3_IRQHandler
                0x0000000008000a44                DMA1_Channel7_IRQHandler
                0x0000000008000a44                UART5_IRQHandler
                0x0000000008000a44                ADC3_IRQHandler
                0x0000000008000a44                TIM4_IRQHandler
                0x0000000008000a44                CAN_RX1_IRQHandler
                0x0000000008000a44                DMA2_Channel1_IRQHandler
                0x0000000008000a44                I2C1_EV_IRQHandler
                0x0000000008000a44                DMA1_Channel6_IRQHandler
                0x0000000008000a44                DMA2_Channel4_IRQHandler
                0x0000000008000a44                TIM3_IRQHandler
                0x0000000008000a44                RCC_IRQHandler
                0x0000000008000a44                TIM20_UP_IRQHandler
                0x0000000008000a44                DMA1_Channel1_IRQHandler
                0x0000000008000a44                Default_Handler
                0x0000000008000a44                USBWakeUp_RMP_IRQHandler
                0x0000000008000a44                EXTI15_10_IRQHandler
                0x0000000008000a44                TIM7_IRQHandler
                0x0000000008000a44                I2C3_EV_IRQHandler
                0x0000000008000a44                EXTI9_5_IRQHandler
                0x0000000008000a44                RTC_WKUP_IRQHandler
                0x0000000008000a44                USB_LP_CAN_RX0_IRQHandler
                0x0000000008000a44                USB_LP_IRQHandler
                0x0000000008000a44                EXTI4_IRQHandler
                0x0000000008000a44                TIM1_TRG_COM_TIM17_IRQHandler
                0x0000000008000a44                DMA1_Channel3_IRQHandler
                0x0000000008000a44                ADC4_IRQHandler
                0x0000000008000a44                WWDG_IRQHandler
                0x0000000008000a44                TIM2_IRQHandler
                0x0000000008000a44                COMP7_IRQHandler
                0x0000000008000a44                COMP1_2_3_IRQHandler
                0x0000000008000a44                EXTI1_IRQHandler
                0x0000000008000a44                USART2_IRQHandler
                0x0000000008000a44                COMP4_5_6_IRQHandler
                0x0000000008000a44                TIM20_BRK_IRQHandler
                0x0000000008000a44                I2C2_ER_IRQHandler
                0x0000000008000a44                DMA1_Channel2_IRQHandler
                0x0000000008000a44                TIM8_BRK_IRQHandler
                0x0000000008000a44                FLASH_IRQHandler
                0x0000000008000a44                TIM20_CC_IRQHandler
                0x0000000008000a44                USART1_IRQHandler
                0x0000000008000a44                SPI3_IRQHandler
                0x0000000008000a44                I2C1_ER_IRQHandler
                0x0000000008000a44                FMC_IRQHandler
                0x0000000008000a44                USBWakeUp_IRQHandler
                0x0000000008000a44                DMA2_Channel3_IRQHandler
                0x0000000008000a44                EXTI2_TSC_IRQHandler
                0x0000000008000a44                TIM1_BRK_TIM15_IRQHandler
 *fill*         0x0000000008000a46        0x2 
 .text.CS_Select
                0x0000000008000a48       0x18 ./Core/lib/nRF24/NRF24L01.o
                0x0000000008000a48                CS_Select
 .text.CS_UnSelect
                0x0000000008000a60       0x18 ./Core/lib/nRF24/NRF24L01.o
                0x0000000008000a60                CS_UnSelect
 .text.CE_Enable
                0x0000000008000a78       0x18 ./Core/lib/nRF24/NRF24L01.o
                0x0000000008000a78                CE_Enable
 .text.CE_Disable
                0x0000000008000a90       0x18 ./Core/lib/nRF24/NRF24L01.o
                0x0000000008000a90                CE_Disable
 .text.nrf24_WriteReg
                0x0000000008000aa8       0x44 ./Core/lib/nRF24/NRF24L01.o
                0x0000000008000aa8                nrf24_WriteReg
 .text.nrf24_WriteRegMulti
                0x0000000008000aec       0x4c ./Core/lib/nRF24/NRF24L01.o
                0x0000000008000aec                nrf24_WriteRegMulti
 .text.nrf24_ReadReg
                0x0000000008000b38       0x40 ./Core/lib/nRF24/NRF24L01.o
                0x0000000008000b38                nrf24_ReadReg
 .text.nrf24_ReadReg_Multi
                0x0000000008000b78       0x40 ./Core/lib/nRF24/NRF24L01.o
                0x0000000008000b78                nrf24_ReadReg_Multi
 .text.nrfsendCmd
                0x0000000008000bb8       0x2c ./Core/lib/nRF24/NRF24L01.o
                0x0000000008000bb8                nrfsendCmd
 .text.nrf24_reset
                0x0000000008000be4      0x14c ./Core/lib/nRF24/NRF24L01.o
                0x0000000008000be4                nrf24_reset
 .text.NRF24_Init
                0x0000000008000d30       0x4e ./Core/lib/nRF24/NRF24L01.o
                0x0000000008000d30                NRF24_Init
 .text.NRF24_RxMode
                0x0000000008000d7e       0x7e ./Core/lib/nRF24/NRF24L01.o
                0x0000000008000d7e                NRF24_RxMode
 .text.isDataAvailable
                0x0000000008000dfc       0x3e ./Core/lib/nRF24/NRF24L01.o
                0x0000000008000dfc                isDataAvailable
 *fill*         0x0000000008000e3a        0x2 
 .text.NRF24_Receive
                0x0000000008000e3c       0x54 ./Core/lib/nRF24/NRF24L01.o
                0x0000000008000e3c                NRF24_Receive
 .text.NRF24_ReadAll
                0x0000000008000e90       0xcc ./Core/lib/nRF24/NRF24L01.o
                0x0000000008000e90                NRF24_ReadAll
 .text.formatSBUSData
                0x0000000008000f5c      0x300 ./Core/lib/sbus/sbus.o
                0x0000000008000f5c                formatSBUSData
 .text.sendSBUSData
                0x000000000800125c       0x28 ./Core/lib/sbus/sbus.o
                0x000000000800125c                sendSBUSData
 .text.sendSbusChannels
                0x0000000008001284       0x26 ./Core/lib/sbus/sbus.o
                0x0000000008001284                sendSbusChannels
 *fill*         0x00000000080012aa        0x2 
 .text.HAL_Init
                0x00000000080012ac       0x2c ./Drivers/STM32F3xx_HAL_Driver/Src/stm32f3xx_hal.o
                0x00000000080012ac                HAL_Init
 .text.HAL_InitTick
                0x00000000080012d8       0x60 ./Drivers/STM32F3xx_HAL_Driver/Src/stm32f3xx_hal.o
                0x00000000080012d8                HAL_InitTick
 .text.HAL_IncTick
                0x0000000008001338       0x28 ./Drivers/STM32F3xx_HAL_Driver/Src/stm32f3xx_hal.o
                0x0000000008001338                HAL_IncTick
 .text.HAL_GetTick
                0x0000000008001360       0x18 ./Drivers/STM32F3xx_HAL_Driver/Src/stm32f3xx_hal.o
                0x0000000008001360                HAL_GetTick
 .text.HAL_Delay
                0x0000000008001378       0x48 ./Drivers/STM32F3xx_HAL_Driver/Src/stm32f3xx_hal.o
                0x0000000008001378                HAL_Delay
 .text.__NVIC_SetPriorityGrouping
                0x00000000080013c0       0x48 ./Drivers/STM32F3xx_HAL_Driver/Src/stm32f3xx_hal_cortex.o
 .text.__NVIC_GetPriorityGrouping
                0x0000000008001408       0x1c ./Drivers/STM32F3xx_HAL_Driver/Src/stm32f3xx_hal_cortex.o
 .text.__NVIC_EnableIRQ
                0x0000000008001424       0x3c ./Drivers/STM32F3xx_HAL_Driver/Src/stm32f3xx_hal_cortex.o
 .text.__NVIC_SetPriority
                0x0000000008001460       0x54 ./Drivers/STM32F3xx_HAL_Driver/Src/stm32f3xx_hal_cortex.o
 .text.NVIC_EncodePriority
                0x00000000080014b4       0x66 ./Drivers/STM32F3xx_HAL_Driver/Src/stm32f3xx_hal_cortex.o
 *fill*         0x000000000800151a        0x2 
 .text.SysTick_Config
                0x000000000800151c       0x44 ./Drivers/STM32F3xx_HAL_Driver/Src/stm32f3xx_hal_cortex.o
 .text.HAL_NVIC_SetPriorityGrouping
                0x0000000008001560       0x16 ./Drivers/STM32F3xx_HAL_Driver/Src/stm32f3xx_hal_cortex.o
                0x0000000008001560                HAL_NVIC_SetPriorityGrouping
 .text.HAL_NVIC_SetPriority
                0x0000000008001576       0x38 ./Drivers/STM32F3xx_HAL_Driver/Src/stm32f3xx_hal_cortex.o
                0x0000000008001576                HAL_NVIC_SetPriority
 .text.HAL_NVIC_EnableIRQ
                0x00000000080015ae       0x1c ./Drivers/STM32F3xx_HAL_Driver/Src/stm32f3xx_hal_cortex.o
                0x00000000080015ae                HAL_NVIC_EnableIRQ
 .text.HAL_SYSTICK_Config
                0x00000000080015ca       0x18 ./Drivers/STM32F3xx_HAL_Driver/Src/stm32f3xx_hal_cortex.o
                0x00000000080015ca                HAL_SYSTICK_Config
 .text.HAL_DMA_Init
                0x00000000080015e2       0x8e ./Drivers/STM32F3xx_HAL_Driver/Src/stm32f3xx_hal_dma.o
                0x00000000080015e2                HAL_DMA_Init
 .text.HAL_DMA_Start_IT
                0x0000000008001670       0xbe ./Drivers/STM32F3xx_HAL_Driver/Src/stm32f3xx_hal_dma.o
                0x0000000008001670                HAL_DMA_Start_IT
 .text.HAL_DMA_Abort
                0x000000000800172e       0x7c ./Drivers/STM32F3xx_HAL_Driver/Src/stm32f3xx_hal_dma.o
                0x000000000800172e                HAL_DMA_Abort
 .text.HAL_DMA_Abort_IT
                0x00000000080017aa       0x7c ./Drivers/STM32F3xx_HAL_Driver/Src/stm32f3xx_hal_dma.o
                0x00000000080017aa                HAL_DMA_Abort_IT
 .text.HAL_DMA_IRQHandler
                0x0000000008001826      0x146 ./Drivers/STM32F3xx_HAL_Driver/Src/stm32f3xx_hal_dma.o
                0x0000000008001826                HAL_DMA_IRQHandler
 .text.DMA_SetConfig
                0x000000000800196c       0x5c ./Drivers/STM32F3xx_HAL_Driver/Src/stm32f3xx_hal_dma.o
 .text.DMA_CalcBaseAndBitshift
                0x00000000080019c8       0x78 ./Drivers/STM32F3xx_HAL_Driver/Src/stm32f3xx_hal_dma.o
 .text.HAL_GPIO_Init
                0x0000000008001a40      0x314 ./Drivers/STM32F3xx_HAL_Driver/Src/stm32f3xx_hal_gpio.o
                0x0000000008001a40                HAL_GPIO_Init
 .text.HAL_GPIO_WritePin
                0x0000000008001d54       0x30 ./Drivers/STM32F3xx_HAL_Driver/Src/stm32f3xx_hal_gpio.o
                0x0000000008001d54                HAL_GPIO_WritePin
 .text.HAL_GPIO_TogglePin
                0x0000000008001d84       0x34 ./Drivers/STM32F3xx_HAL_Driver/Src/stm32f3xx_hal_gpio.o
                0x0000000008001d84                HAL_GPIO_TogglePin
 .text.HAL_RCC_OscConfig
                0x0000000008001db8     0x10a8 ./Drivers/STM32F3xx_HAL_Driver/Src/stm32f3xx_hal_rcc.o
                0x0000000008001db8                HAL_RCC_OscConfig
 .text.HAL_RCC_ClockConfig
                0x0000000008002e60      0x2f8 ./Drivers/STM32F3xx_HAL_Driver/Src/stm32f3xx_hal_rcc.o
                0x0000000008002e60                HAL_RCC_ClockConfig
 .text.HAL_RCC_GetSysClockFreq
                0x0000000008003158       0xa8 ./Drivers/STM32F3xx_HAL_Driver/Src/stm32f3xx_hal_rcc.o
                0x0000000008003158                HAL_RCC_GetSysClockFreq
 .text.HAL_RCC_GetHCLKFreq
                0x0000000008003200       0x18 ./Drivers/STM32F3xx_HAL_Driver/Src/stm32f3xx_hal_rcc.o
                0x0000000008003200                HAL_RCC_GetHCLKFreq
 .text.HAL_RCC_GetPCLK1Freq
                0x0000000008003218       0x44 ./Drivers/STM32F3xx_HAL_Driver/Src/stm32f3xx_hal_rcc.o
                0x0000000008003218                HAL_RCC_GetPCLK1Freq
 .text.HAL_RCC_GetPCLK2Freq
                0x000000000800325c       0x44 ./Drivers/STM32F3xx_HAL_Driver/Src/stm32f3xx_hal_rcc.o
                0x000000000800325c                HAL_RCC_GetPCLK2Freq
 .text.HAL_RCCEx_PeriphCLKConfig
                0x00000000080032a0      0x43c ./Drivers/STM32F3xx_HAL_Driver/Src/stm32f3xx_hal_rcc_ex.o
                0x00000000080032a0                HAL_RCCEx_PeriphCLKConfig
 .text.HAL_SPI_Init
                0x00000000080036dc      0x156 ./Drivers/STM32F3xx_HAL_Driver/Src/stm32f3xx_hal_spi.o
                0x00000000080036dc                HAL_SPI_Init
 .text.HAL_SPI_Transmit
                0x0000000008003832      0x2ea ./Drivers/STM32F3xx_HAL_Driver/Src/stm32f3xx_hal_spi.o
                0x0000000008003832                HAL_SPI_Transmit
 .text.HAL_SPI_Receive
                0x0000000008003b1c      0x26e ./Drivers/STM32F3xx_HAL_Driver/Src/stm32f3xx_hal_spi.o
                0x0000000008003b1c                HAL_SPI_Receive
 .text.HAL_SPI_TransmitReceive
                0x0000000008003d8a      0x444 ./Drivers/STM32F3xx_HAL_Driver/Src/stm32f3xx_hal_spi.o
                0x0000000008003d8a                HAL_SPI_TransmitReceive
 *fill*         0x00000000080041ce        0x2 
 .text.HAL_SPI_IRQHandler
                0x00000000080041d0      0x1e8 ./Drivers/STM32F3xx_HAL_Driver/Src/stm32f3xx_hal_spi.o
                0x00000000080041d0                HAL_SPI_IRQHandler
 .text.HAL_SPI_ErrorCallback
                0x00000000080043b8       0x14 ./Drivers/STM32F3xx_HAL_Driver/Src/stm32f3xx_hal_spi.o
                0x00000000080043b8                HAL_SPI_ErrorCallback
 .text.SPI_DMAAbortOnError
                0x00000000080043cc       0x2a ./Drivers/STM32F3xx_HAL_Driver/Src/stm32f3xx_hal_spi.o
 *fill*         0x00000000080043f6        0x2 
 .text.SPI_WaitFlagStateUntilTimeout
                0x00000000080043f8      0x110 ./Drivers/STM32F3xx_HAL_Driver/Src/stm32f3xx_hal_spi.o
 .text.SPI_WaitFifoStateUntilTimeout
                0x0000000008004508      0x12c ./Drivers/STM32F3xx_HAL_Driver/Src/stm32f3xx_hal_spi.o
 .text.SPI_EndRxTransaction
                0x0000000008004634       0xb0 ./Drivers/STM32F3xx_HAL_Driver/Src/stm32f3xx_hal_spi.o
 .text.SPI_EndRxTxTransaction
                0x00000000080046e4       0x8c ./Drivers/STM32F3xx_HAL_Driver/Src/stm32f3xx_hal_spi.o
 .text.HAL_UART_Init
                0x0000000008004770       0x9c ./Drivers/STM32F3xx_HAL_Driver/Src/stm32f3xx_hal_uart.o
                0x0000000008004770                HAL_UART_Init
 .text.HAL_UART_Transmit_DMA
                0x000000000800480c       0xf8 ./Drivers/STM32F3xx_HAL_Driver/Src/stm32f3xx_hal_uart.o
                0x000000000800480c                HAL_UART_Transmit_DMA
 .text.HAL_UART_IRQHandler
                0x0000000008004904      0x5cc ./Drivers/STM32F3xx_HAL_Driver/Src/stm32f3xx_hal_uart.o
                0x0000000008004904                HAL_UART_IRQHandler
 .text.HAL_UART_TxCpltCallback
                0x0000000008004ed0       0x14 ./Drivers/STM32F3xx_HAL_Driver/Src/stm32f3xx_hal_uart.o
                0x0000000008004ed0                HAL_UART_TxCpltCallback
 .text.HAL_UART_TxHalfCpltCallback
                0x0000000008004ee4       0x14 ./Drivers/STM32F3xx_HAL_Driver/Src/stm32f3xx_hal_uart.o
                0x0000000008004ee4                HAL_UART_TxHalfCpltCallback
 .text.HAL_UART_ErrorCallback
                0x0000000008004ef8       0x14 ./Drivers/STM32F3xx_HAL_Driver/Src/stm32f3xx_hal_uart.o
                0x0000000008004ef8                HAL_UART_ErrorCallback
 .text.HAL_UARTEx_RxEventCallback
                0x0000000008004f0c       0x18 ./Drivers/STM32F3xx_HAL_Driver/Src/stm32f3xx_hal_uart.o
                0x0000000008004f0c                HAL_UARTEx_RxEventCallback
 .text.UART_SetConfig
                0x0000000008004f24      0x3a8 ./Drivers/STM32F3xx_HAL_Driver/Src/stm32f3xx_hal_uart.o
                0x0000000008004f24                UART_SetConfig
 .text.UART_AdvFeatureConfig
                0x00000000080052cc      0x144 ./Drivers/STM32F3xx_HAL_Driver/Src/stm32f3xx_hal_uart.o
                0x00000000080052cc                UART_AdvFeatureConfig
 .text.UART_CheckIdleState
                0x0000000008005410      0x150 ./Drivers/STM32F3xx_HAL_Driver/Src/stm32f3xx_hal_uart.o
                0x0000000008005410                UART_CheckIdleState
 .text.UART_WaitOnFlagUntilTimeout
                0x0000000008005560       0xda ./Drivers/STM32F3xx_HAL_Driver/Src/stm32f3xx_hal_uart.o
                0x0000000008005560                UART_WaitOnFlagUntilTimeout
 .text.UART_EndTxTransfer
                0x000000000800563a       0x4c ./Drivers/STM32F3xx_HAL_Driver/Src/stm32f3xx_hal_uart.o
 .text.UART_EndRxTransfer
                0x0000000008005686       0xc8 ./Drivers/STM32F3xx_HAL_Driver/Src/stm32f3xx_hal_uart.o
 .text.UART_DMATransmitCplt
                0x000000000800574e       0x94 ./Drivers/STM32F3xx_HAL_Driver/Src/stm32f3xx_hal_uart.o
 .text.UART_DMATxHalfCplt
                0x00000000080057e2       0x1c ./Drivers/STM32F3xx_HAL_Driver/Src/stm32f3xx_hal_uart.o
 .text.UART_DMAError
                0x00000000080057fe       0x7e ./Drivers/STM32F3xx_HAL_Driver/Src/stm32f3xx_hal_uart.o
 .text.UART_DMAAbortOnError
                0x000000000800587c       0x2c ./Drivers/STM32F3xx_HAL_Driver/Src/stm32f3xx_hal_uart.o
 .text.UART_EndTransmit_IT
                0x00000000080058a8       0x54 ./Drivers/STM32F3xx_HAL_Driver/Src/stm32f3xx_hal_uart.o
 .text.HAL_UARTEx_WakeupCallback
                0x00000000080058fc       0x14 ./Drivers/STM32F3xx_HAL_Driver/Src/stm32f3xx_hal_uart_ex.o
                0x00000000080058fc                HAL_UARTEx_WakeupCallback
 .text.memset   0x0000000008005910       0x10 C:/ST/STM32CubeIDE_1.14.1/STM32CubeIDE/plugins/com.st.stm32cube.ide.mcu.externaltools.gnu-tools-for-stm32.11.3.rel1.win32_1.1.100.202309141235/tools/bin/../lib/gcc/arm-none-eabi/11.3.1/../../../../arm-none-eabi/lib/thumb/v7e-m+fp/hard\libc_nano.a(libc_a-memset.o)
                0x0000000008005910                memset
 .text.__libc_init_array
                0x0000000008005920       0x48 C:/ST/STM32CubeIDE_1.14.1/STM32CubeIDE/plugins/com.st.stm32cube.ide.mcu.externaltools.gnu-tools-for-stm32.11.3.rel1.win32_1.1.100.202309141235/tools/bin/../lib/gcc/arm-none-eabi/11.3.1/../../../../arm-none-eabi/lib/thumb/v7e-m+fp/hard\libc_nano.a(libc_a-init.o)
                0x0000000008005920                __libc_init_array
 *(.glue_7)
 .glue_7        0x0000000008005968        0x0 linker stubs
 *(.glue_7t)
 .glue_7t       0x0000000008005968        0x0 linker stubs
 *(.eh_frame)
 .eh_frame      0x0000000008005968        0x0 C:/ST/STM32CubeIDE_1.14.1/STM32CubeIDE/plugins/com.st.stm32cube.ide.mcu.externaltools.gnu-tools-for-stm32.11.3.rel1.win32_1.1.100.202309141235/tools/bin/../lib/gcc/arm-none-eabi/11.3.1/thumb/v7e-m+fp/hard/crtbegin.o
 *(.init)
 .init          0x0000000008005968        0x4 C:/ST/STM32CubeIDE_1.14.1/STM32CubeIDE/plugins/com.st.stm32cube.ide.mcu.externaltools.gnu-tools-for-stm32.11.3.rel1.win32_1.1.100.202309141235/tools/bin/../lib/gcc/arm-none-eabi/11.3.1/thumb/v7e-m+fp/hard/crti.o
                0x0000000008005968                _init
 .init          0x000000000800596c        0x8 C:/ST/STM32CubeIDE_1.14.1/STM32CubeIDE/plugins/com.st.stm32cube.ide.mcu.externaltools.gnu-tools-for-stm32.11.3.rel1.win32_1.1.100.202309141235/tools/bin/../lib/gcc/arm-none-eabi/11.3.1/thumb/v7e-m+fp/hard/crtn.o
 *(.fini)
 .fini          0x0000000008005974        0x4 C:/ST/STM32CubeIDE_1.14.1/STM32CubeIDE/plugins/com.st.stm32cube.ide.mcu.externaltools.gnu-tools-for-stm32.11.3.rel1.win32_1.1.100.202309141235/tools/bin/../lib/gcc/arm-none-eabi/11.3.1/thumb/v7e-m+fp/hard/crti.o
                0x0000000008005974                _fini
 .fini          0x0000000008005978        0x8 C:/ST/STM32CubeIDE_1.14.1/STM32CubeIDE/plugins/com.st.stm32cube.ide.mcu.externaltools.gnu-tools-for-stm32.11.3.rel1.win32_1.1.100.202309141235/tools/bin/../lib/gcc/arm-none-eabi/11.3.1/thumb/v7e-m+fp/hard/crtn.o
                0x0000000008005980                . = ALIGN (0x4)
                0x0000000008005980                _etext = .

.vfp11_veneer   0x0000000008005980        0x0
 .vfp11_veneer  0x0000000008005980        0x0 linker stubs

.v4_bx          0x0000000008005980        0x0
 .v4_bx         0x0000000008005980        0x0 linker stubs

.iplt           0x0000000008005980        0x0
 .iplt          0x0000000008005980        0x0 C:/ST/STM32CubeIDE_1.14.1/STM32CubeIDE/plugins/com.st.stm32cube.ide.mcu.externaltools.gnu-tools-for-stm32.11.3.rel1.win32_1.1.100.202309141235/tools/bin/../lib/gcc/arm-none-eabi/11.3.1/thumb/v7e-m+fp/hard/crtbegin.o

.rodata         0x0000000008005980       0x48
                0x0000000008005980                . = ALIGN (0x4)
 *(.rodata)
 .rodata        0x0000000008005980        0xd ./Core/lib/nRF24/NRF24L01.o
 *(.rodata*)
 *fill*         0x000000000800598d        0x3 
 .rodata.AHBPrescTable
                0x0000000008005990       0x10 ./Core/Src/system_stm32f3xx.o
                0x0000000008005990                AHBPrescTable
 .rodata.APBPrescTable
                0x00000000080059a0        0x8 ./Core/Src/system_stm32f3xx.o
                0x00000000080059a0                APBPrescTable
 .rodata.aPLLMULFactorTable
                0x00000000080059a8       0x10 ./Drivers/STM32F3xx_HAL_Driver/Src/stm32f3xx_hal_rcc.o
 .rodata.aPredivFactorTable
                0x00000000080059b8       0x10 ./Drivers/STM32F3xx_HAL_Driver/Src/stm32f3xx_hal_rcc.o
                0x00000000080059c8                . = ALIGN (0x4)

.rel.dyn        0x00000000080059c8        0x0
 .rel.iplt      0x00000000080059c8        0x0 C:/ST/STM32CubeIDE_1.14.1/STM32CubeIDE/plugins/com.st.stm32cube.ide.mcu.externaltools.gnu-tools-for-stm32.11.3.rel1.win32_1.1.100.202309141235/tools/bin/../lib/gcc/arm-none-eabi/11.3.1/thumb/v7e-m+fp/hard/crtbegin.o

.ARM.extab      0x00000000080059c8        0x0
                0x00000000080059c8                . = ALIGN (0x4)
 *(.ARM.extab* .gnu.linkonce.armextab.*)
                0x00000000080059c8                . = ALIGN (0x4)

.ARM            0x00000000080059c8        0x0
                0x00000000080059c8                . = ALIGN (0x4)
                0x00000000080059c8                __exidx_start = .
 *(.ARM.exidx*)
                0x00000000080059c8                __exidx_end = .
                0x00000000080059c8                . = ALIGN (0x4)

.preinit_array  0x00000000080059c8        0x0
                0x00000000080059c8                . = ALIGN (0x4)
                0x00000000080059c8                PROVIDE (__preinit_array_start = .)
 *(.preinit_array*)
                0x00000000080059c8                PROVIDE (__preinit_array_end = .)
                0x00000000080059c8                . = ALIGN (0x4)

.init_array     0x00000000080059c8        0x4
                0x00000000080059c8                . = ALIGN (0x4)
                0x00000000080059c8                PROVIDE (__init_array_start = .)
 *(SORT_BY_NAME(.init_array.*))
 *(.init_array*)
 .init_array    0x00000000080059c8        0x4 C:/ST/STM32CubeIDE_1.14.1/STM32CubeIDE/plugins/com.st.stm32cube.ide.mcu.externaltools.gnu-tools-for-stm32.11.3.rel1.win32_1.1.100.202309141235/tools/bin/../lib/gcc/arm-none-eabi/11.3.1/thumb/v7e-m+fp/hard/crtbegin.o
                0x00000000080059cc                PROVIDE (__init_array_end = .)
                0x00000000080059cc                . = ALIGN (0x4)

.fini_array     0x00000000080059cc        0x4
                0x00000000080059cc                . = ALIGN (0x4)
                [!provide]                        PROVIDE (__fini_array_start = .)
 *(SORT_BY_NAME(.fini_array.*))
 *(.fini_array*)
 .fini_array    0x00000000080059cc        0x4 C:/ST/STM32CubeIDE_1.14.1/STM32CubeIDE/plugins/com.st.stm32cube.ide.mcu.externaltools.gnu-tools-for-stm32.11.3.rel1.win32_1.1.100.202309141235/tools/bin/../lib/gcc/arm-none-eabi/11.3.1/thumb/v7e-m+fp/hard/crtbegin.o
                [!provide]                        PROVIDE (__fini_array_end = .)
                0x00000000080059d0                . = ALIGN (0x4)
                0x00000000080059d0                _sidata = LOADADDR (.data)

.data           0x0000000020000000       0x14 load address 0x00000000080059d0
                0x0000000020000000                . = ALIGN (0x4)
                0x0000000020000000                _sdata = .
 *(.data)
 *(.data*)
 .data.RxAddress
                0x0000000020000000        0x5 ./Core/Src/main.o
                0x0000000020000000                RxAddress
 *fill*         0x0000000020000005        0x3 
 .data.SystemCoreClock
                0x0000000020000008        0x4 ./Core/Src/system_stm32f3xx.o
                0x0000000020000008                SystemCoreClock
 .data.uwTickPrio
                0x000000002000000c        0x4 ./Drivers/STM32F3xx_HAL_Driver/Src/stm32f3xx_hal.o
                0x000000002000000c                uwTickPrio
 .data.uwTickFreq
                0x0000000020000010        0x1 ./Drivers/STM32F3xx_HAL_Driver/Src/stm32f3xx_hal.o
                0x0000000020000010                uwTickFreq
 *(.RamFunc)
 *(.RamFunc*)
                0x0000000020000014                . = ALIGN (0x4)
 *fill*         0x0000000020000011        0x3 
                0x0000000020000014                _edata = .
                0x00000000080059e4                _siccmram = LOADADDR (.ccmram)

.igot.plt       0x0000000020000014        0x0 load address 0x00000000080059e4
 .igot.plt      0x0000000020000014        0x0 C:/ST/STM32CubeIDE_1.14.1/STM32CubeIDE/plugins/com.st.stm32cube.ide.mcu.externaltools.gnu-tools-for-stm32.11.3.rel1.win32_1.1.100.202309141235/tools/bin/../lib/gcc/arm-none-eabi/11.3.1/thumb/v7e-m+fp/hard/crtbegin.o

.ccmram         0x0000000010000000        0x0 load address 0x00000000080059e4
                0x0000000010000000                . = ALIGN (0x4)
                0x0000000010000000                _sccmram = .
 *(.ccmram)
 *(.ccmram*)
                0x0000000010000000                . = ALIGN (0x4)
                0x0000000010000000                _eccmram = .
                0x0000000010000000                . = ALIGN (0x4)

.bss            0x0000000020000014      0x2f4
                0x0000000020000014                _sbss = .
                0x0000000020000014                __bss_start__ = _sbss
 *(.bss)
 .bss           0x0000000020000014       0x1c C:/ST/STM32CubeIDE_1.14.1/STM32CubeIDE/plugins/com.st.stm32cube.ide.mcu.externaltools.gnu-tools-for-stm32.11.3.rel1.win32_1.1.100.202309141235/tools/bin/../lib/gcc/arm-none-eabi/11.3.1/thumb/v7e-m+fp/hard/crtbegin.o
 *(.bss*)
 .bss.RxData    0x0000000020000030       0x20 ./Core/Src/main.o
                0x0000000020000030                RxData
 .bss.output16  0x0000000020000050       0x40 ./Core/Src/main.o
                0x0000000020000050                output16
 .bss.data      0x0000000020000090       0x32 ./Core/Src/main.o
                0x0000000020000090                data
 *fill*         0x00000000200000c2        0x2 
 .bss.hspi2     0x00000000200000c4       0x64 ./Core/Src/spi.o
                0x00000000200000c4                hspi2
 .bss.hdma_spi2_rx
                0x0000000020000128       0x44 ./Core/Src/spi.o
                0x0000000020000128                hdma_spi2_rx
 .bss.hdma_spi2_tx
                0x000000002000016c       0x44 ./Core/Src/spi.o
                0x000000002000016c                hdma_spi2_tx
 .bss.huart4    0x00000000200001b0       0x88 ./Core/Src/usart.o
                0x00000000200001b0                huart4
 .bss.huart2    0x0000000020000238       0x88 ./Core/Src/usart.o
                0x0000000020000238                huart2
 .bss.hdma_uart4_tx
                0x00000000200002c0       0x44 ./Core/Src/usart.o
                0x00000000200002c0                hdma_uart4_tx
 .bss.uwTick    0x0000000020000304        0x4 ./Drivers/STM32F3xx_HAL_Driver/Src/stm32f3xx_hal.o
                0x0000000020000304                uwTick
 *(COMMON)
                0x0000000020000308                . = ALIGN (0x4)
                0x0000000020000308                _ebss = .
                0x0000000020000308                __bss_end__ = _ebss

._user_heap_stack
                0x0000000020000308      0x600
                0x0000000020000308                . = ALIGN (0x8)
                [!provide]                        PROVIDE (end = .)
                0x0000000020000308                PROVIDE (_end = .)
                0x0000000020000508                . = (. + _Min_Heap_Size)
 *fill*         0x0000000020000308      0x200 
                0x0000000020000908                . = (. + _Min_Stack_Size)
 *fill*         0x0000000020000508      0x400 
                0x0000000020000908                . = ALIGN (0x8)

/DISCARD/
 libc.a(*)
 libm.a(*)
 libgcc.a(*)

.ARM.attributes
                0x0000000000000000       0x30
 *(.ARM.attributes)
 .ARM.attributes
                0x0000000000000000       0x1e C:/ST/STM32CubeIDE_1.14.1/STM32CubeIDE/plugins/com.st.stm32cube.ide.mcu.externaltools.gnu-tools-for-stm32.11.3.rel1.win32_1.1.100.202309141235/tools/bin/../lib/gcc/arm-none-eabi/11.3.1/thumb/v7e-m+fp/hard/crti.o
 .ARM.attributes
                0x000000000000001e       0x34 C:/ST/STM32CubeIDE_1.14.1/STM32CubeIDE/plugins/com.st.stm32cube.ide.mcu.externaltools.gnu-tools-for-stm32.11.3.rel1.win32_1.1.100.202309141235/tools/bin/../lib/gcc/arm-none-eabi/11.3.1/thumb/v7e-m+fp/hard/crtbegin.o
 .ARM.attributes
                0x0000000000000052       0x34 ./Core/Src/dma.o
 .ARM.attributes
                0x0000000000000086       0x34 ./Core/Src/gpio.o
 .ARM.attributes
                0x00000000000000ba       0x34 ./Core/Src/main.o
 .ARM.attributes
                0x00000000000000ee       0x34 ./Core/Src/spi.o
 .ARM.attributes
                0x0000000000000122       0x34 ./Core/Src/stm32f3xx_hal_msp.o
 .ARM.attributes
                0x0000000000000156       0x34 ./Core/Src/stm32f3xx_it.o
 .ARM.attributes
                0x000000000000018a       0x34 ./Core/Src/system_stm32f3xx.o
 .ARM.attributes
                0x00000000000001be       0x34 ./Core/Src/usart.o
 .ARM.attributes
                0x00000000000001f2       0x21 ./Core/Startup/startup_stm32f303retx.o
 .ARM.attributes
                0x0000000000000213       0x34 ./Core/lib/nRF24/NRF24L01.o
 .ARM.attributes
                0x0000000000000247       0x34 ./Core/lib/sbus/sbus.o
 .ARM.attributes
                0x000000000000027b       0x34 ./Drivers/STM32F3xx_HAL_Driver/Src/stm32f3xx_hal.o
 .ARM.attributes
                0x00000000000002af       0x34 ./Drivers/STM32F3xx_HAL_Driver/Src/stm32f3xx_hal_cortex.o
 .ARM.attributes
                0x00000000000002e3       0x34 ./Drivers/STM32F3xx_HAL_Driver/Src/stm32f3xx_hal_dma.o
 .ARM.attributes
                0x0000000000000317       0x34 ./Drivers/STM32F3xx_HAL_Driver/Src/stm32f3xx_hal_gpio.o
 .ARM.attributes
                0x000000000000034b       0x34 ./Drivers/STM32F3xx_HAL_Driver/Src/stm32f3xx_hal_rcc.o
 .ARM.attributes
                0x000000000000037f       0x34 ./Drivers/STM32F3xx_HAL_Driver/Src/stm32f3xx_hal_rcc_ex.o
 .ARM.attributes
                0x00000000000003b3       0x34 ./Drivers/STM32F3xx_HAL_Driver/Src/stm32f3xx_hal_spi.o
 .ARM.attributes
                0x00000000000003e7       0x34 ./Drivers/STM32F3xx_HAL_Driver/Src/stm32f3xx_hal_uart.o
 .ARM.attributes
                0x000000000000041b       0x34 ./Drivers/STM32F3xx_HAL_Driver/Src/stm32f3xx_hal_uart_ex.o
 .ARM.attributes
                0x000000000000044f       0x34 C:/ST/STM32CubeIDE_1.14.1/STM32CubeIDE/plugins/com.st.stm32cube.ide.mcu.externaltools.gnu-tools-for-stm32.11.3.rel1.win32_1.1.100.202309141235/tools/bin/../lib/gcc/arm-none-eabi/11.3.1/../../../../arm-none-eabi/lib/thumb/v7e-m+fp/hard\libc_nano.a(libc_a-memset.o)
 .ARM.attributes
                0x0000000000000483       0x34 C:/ST/STM32CubeIDE_1.14.1/STM32CubeIDE/plugins/com.st.stm32cube.ide.mcu.externaltools.gnu-tools-for-stm32.11.3.rel1.win32_1.1.100.202309141235/tools/bin/../lib/gcc/arm-none-eabi/11.3.1/../../../../arm-none-eabi/lib/thumb/v7e-m+fp/hard\libc_nano.a(libc_a-init.o)
 .ARM.attributes
                0x00000000000004b7       0x1e C:/ST/STM32CubeIDE_1.14.1/STM32CubeIDE/plugins/com.st.stm32cube.ide.mcu.externaltools.gnu-tools-for-stm32.11.3.rel1.win32_1.1.100.202309141235/tools/bin/../lib/gcc/arm-none-eabi/11.3.1/thumb/v7e-m+fp/hard/crtn.o
OUTPUT(WheelWirelessReceiver_F303RE.elf elf32-littlearm)
LOAD linker stubs
LOAD C:/ST/STM32CubeIDE_1.14.1/STM32CubeIDE/plugins/com.st.stm32cube.ide.mcu.externaltools.gnu-tools-for-stm32.11.3.rel1.win32_1.1.100.202309141235/tools/bin/../lib/gcc/arm-none-eabi/11.3.1/../../../../arm-none-eabi/lib/thumb/v7e-m+fp/hard\libc.a
LOAD C:/ST/STM32CubeIDE_1.14.1/STM32CubeIDE/plugins/com.st.stm32cube.ide.mcu.externaltools.gnu-tools-for-stm32.11.3.rel1.win32_1.1.100.202309141235/tools/bin/../lib/gcc/arm-none-eabi/11.3.1/../../../../arm-none-eabi/lib/thumb/v7e-m+fp/hard\libm.a
LOAD C:/ST/STM32CubeIDE_1.14.1/STM32CubeIDE/plugins/com.st.stm32cube.ide.mcu.externaltools.gnu-tools-for-stm32.11.3.rel1.win32_1.1.100.202309141235/tools/bin/../lib/gcc/arm-none-eabi/11.3.1/thumb/v7e-m+fp/hard\libgcc.a

.comment        0x0000000000000000       0x43
 .comment       0x0000000000000000       0x43 C:/ST/STM32CubeIDE_1.14.1/STM32CubeIDE/plugins/com.st.stm32cube.ide.mcu.externaltools.gnu-tools-for-stm32.11.3.rel1.win32_1.1.100.202309141235/tools/bin/../lib/gcc/arm-none-eabi/11.3.1/thumb/v7e-m+fp/hard/crtbegin.o
                                         0x44 (size before relaxing)
 .comment       0x0000000000000043       0x44 ./Core/Src/dma.o
 .comment       0x0000000000000043       0x44 ./Core/Src/gpio.o
 .comment       0x0000000000000043       0x44 ./Core/Src/main.o
 .comment       0x0000000000000043       0x44 ./Core/Src/spi.o
 .comment       0x0000000000000043       0x44 ./Core/Src/stm32f3xx_hal_msp.o
 .comment       0x0000000000000043       0x44 ./Core/Src/stm32f3xx_it.o
 .comment       0x0000000000000043       0x44 ./Core/Src/system_stm32f3xx.o
 .comment       0x0000000000000043       0x44 ./Core/Src/usart.o
 .comment       0x0000000000000043       0x44 ./Core/lib/nRF24/NRF24L01.o
 .comment       0x0000000000000043       0x44 ./Core/lib/sbus/sbus.o
 .comment       0x0000000000000043       0x44 ./Drivers/STM32F3xx_HAL_Driver/Src/stm32f3xx_hal.o
 .comment       0x0000000000000043       0x44 ./Drivers/STM32F3xx_HAL_Driver/Src/stm32f3xx_hal_cortex.o
 .comment       0x0000000000000043       0x44 ./Drivers/STM32F3xx_HAL_Driver/Src/stm32f3xx_hal_dma.o
 .comment       0x0000000000000043       0x44 ./Drivers/STM32F3xx_HAL_Driver/Src/stm32f3xx_hal_gpio.o
 .comment       0x0000000000000043       0x44 ./Drivers/STM32F3xx_HAL_Driver/Src/stm32f3xx_hal_rcc.o
 .comment       0x0000000000000043       0x44 ./Drivers/STM32F3xx_HAL_Driver/Src/stm32f3xx_hal_rcc_ex.o
 .comment       0x0000000000000043       0x44 ./Drivers/STM32F3xx_HAL_Driver/Src/stm32f3xx_hal_spi.o
 .comment       0x0000000000000043       0x44 ./Drivers/STM32F3xx_HAL_Driver/Src/stm32f3xx_hal_uart.o
 .comment       0x0000000000000043       0x44 ./Drivers/STM32F3xx_HAL_Driver/Src/stm32f3xx_hal_uart_ex.o

.debug_info     0x0000000000000000     0xe024
 .debug_info    0x0000000000000000      0x3c6 ./Core/Src/dma.o
 .debug_info    0x00000000000003c6      0x33d ./Core/Src/gpio.o
 .debug_info    0x0000000000000703      0x70c ./Core/Src/main.o
 .debug_info    0x0000000000000e0f      0xaf2 ./Core/Src/spi.o
 .debug_info    0x0000000000001901      0x1a0 ./Core/Src/stm32f3xx_hal_msp.o
 .debug_info    0x0000000000001aa1      0xa16 ./Core/Src/stm32f3xx_it.o
 .debug_info    0x00000000000024b7      0x407 ./Core/Src/system_stm32f3xx.o
 .debug_info    0x00000000000028be      0xc07 ./Core/Src/usart.o
 .debug_info    0x00000000000034c5       0x23 ./Core/Startup/startup_stm32f303retx.o
 .debug_info    0x00000000000034e8      0xa66 ./Core/lib/nRF24/NRF24L01.o
 .debug_info    0x0000000000003f4e      0x71c ./Core/lib/sbus/sbus.o
 .debug_info    0x000000000000466a      0x804 ./Drivers/STM32F3xx_HAL_Driver/Src/stm32f3xx_hal.o
 .debug_info    0x0000000000004e6e      0xd14 ./Drivers/STM32F3xx_HAL_Driver/Src/stm32f3xx_hal_cortex.o
 .debug_info    0x0000000000005b82      0x6e1 ./Drivers/STM32F3xx_HAL_Driver/Src/stm32f3xx_hal_dma.o
 .debug_info    0x0000000000006263      0x6a6 ./Drivers/STM32F3xx_HAL_Driver/Src/stm32f3xx_hal_gpio.o
 .debug_info    0x0000000000006909     0x149a ./Drivers/STM32F3xx_HAL_Driver/Src/stm32f3xx_hal_rcc.o
 .debug_info    0x0000000000007da3      0x61b ./Drivers/STM32F3xx_HAL_Driver/Src/stm32f3xx_hal_rcc_ex.o
 .debug_info    0x00000000000083be     0x1622 ./Drivers/STM32F3xx_HAL_Driver/Src/stm32f3xx_hal_spi.o
 .debug_info    0x00000000000099e0     0x39a8 ./Drivers/STM32F3xx_HAL_Driver/Src/stm32f3xx_hal_uart.o
 .debug_info    0x000000000000d388      0xc9c ./Drivers/STM32F3xx_HAL_Driver/Src/stm32f3xx_hal_uart_ex.o

.debug_abbrev   0x0000000000000000     0x26a2
 .debug_abbrev  0x0000000000000000      0x109 ./Core/Src/dma.o
 .debug_abbrev  0x0000000000000109      0x151 ./Core/Src/gpio.o
 .debug_abbrev  0x000000000000025a      0x237 ./Core/Src/main.o
 .debug_abbrev  0x0000000000000491      0x20d ./Core/Src/spi.o
 .debug_abbrev  0x000000000000069e       0xe2 ./Core/Src/stm32f3xx_hal_msp.o
 .debug_abbrev  0x0000000000000780      0x19f ./Core/Src/stm32f3xx_it.o
 .debug_abbrev  0x000000000000091f      0x11a ./Core/Src/system_stm32f3xx.o
 .debug_abbrev  0x0000000000000a39      0x215 ./Core/Src/usart.o
 .debug_abbrev  0x0000000000000c4e       0x12 ./Core/Startup/startup_stm32f303retx.o
 .debug_abbrev  0x0000000000000c60      0x287 ./Core/lib/nRF24/NRF24L01.o
 .debug_abbrev  0x0000000000000ee7      0x197 ./Core/lib/sbus/sbus.o
 .debug_abbrev  0x000000000000107e      0x215 ./Drivers/STM32F3xx_HAL_Driver/Src/stm32f3xx_hal.o
 .debug_abbrev  0x0000000000001293      0x31e ./Drivers/STM32F3xx_HAL_Driver/Src/stm32f3xx_hal_cortex.o
 .debug_abbrev  0x00000000000015b1      0x20d ./Drivers/STM32F3xx_HAL_Driver/Src/stm32f3xx_hal_dma.o
 .debug_abbrev  0x00000000000017be      0x1ca ./Drivers/STM32F3xx_HAL_Driver/Src/stm32f3xx_hal_gpio.o
 .debug_abbrev  0x0000000000001988      0x300 ./Drivers/STM32F3xx_HAL_Driver/Src/stm32f3xx_hal_rcc.o
 .debug_abbrev  0x0000000000001c88      0x221 ./Drivers/STM32F3xx_HAL_Driver/Src/stm32f3xx_hal_rcc_ex.o
 .debug_abbrev  0x0000000000001ea9      0x269 ./Drivers/STM32F3xx_HAL_Driver/Src/stm32f3xx_hal_spi.o
 .debug_abbrev  0x0000000000002112      0x2d1 ./Drivers/STM32F3xx_HAL_Driver/Src/stm32f3xx_hal_uart.o
 .debug_abbrev  0x00000000000023e3      0x2bf ./Drivers/STM32F3xx_HAL_Driver/Src/stm32f3xx_hal_uart_ex.o

.debug_aranges  0x0000000000000000      0xac8
 .debug_aranges
                0x0000000000000000       0x20 ./Core/Src/dma.o
 .debug_aranges
                0x0000000000000020       0x20 ./Core/Src/gpio.o
 .debug_aranges
                0x0000000000000040       0x40 ./Core/Src/main.o
 .debug_aranges
                0x0000000000000080       0x30 ./Core/Src/spi.o
 .debug_aranges
                0x00000000000000b0       0x20 ./Core/Src/stm32f3xx_hal_msp.o
 .debug_aranges
                0x00000000000000d0       0x88 ./Core/Src/stm32f3xx_it.o
 .debug_aranges
                0x0000000000000158       0x28 ./Core/Src/system_stm32f3xx.o
 .debug_aranges
                0x0000000000000180       0x38 ./Core/Src/usart.o
 .debug_aranges
                0x00000000000001b8       0x28 ./Core/Startup/startup_stm32f303retx.o
 .debug_aranges
                0x00000000000001e0       0xa0 ./Core/lib/nRF24/NRF24L01.o
 .debug_aranges
                0x0000000000000280       0x30 ./Core/lib/sbus/sbus.o
 .debug_aranges
                0x00000000000002b0       0xe0 ./Drivers/STM32F3xx_HAL_Driver/Src/stm32f3xx_hal.o
 .debug_aranges
                0x0000000000000390      0x128 ./Drivers/STM32F3xx_HAL_Driver/Src/stm32f3xx_hal_cortex.o
 .debug_aranges
                0x00000000000004b8       0x88 ./Drivers/STM32F3xx_HAL_Driver/Src/stm32f3xx_hal_dma.o
 .debug_aranges
                0x0000000000000540       0x58 ./Drivers/STM32F3xx_HAL_Driver/Src/stm32f3xx_hal_gpio.o
 .debug_aranges
                0x0000000000000598       0x88 ./Drivers/STM32F3xx_HAL_Driver/Src/stm32f3xx_hal_rcc.o
 .debug_aranges
                0x0000000000000620       0x38 ./Drivers/STM32F3xx_HAL_Driver/Src/stm32f3xx_hal_rcc_ex.o
 .debug_aranges
                0x0000000000000658      0x1d8 ./Drivers/STM32F3xx_HAL_Driver/Src/stm32f3xx_hal_spi.o
 .debug_aranges
                0x0000000000000830      0x228 ./Drivers/STM32F3xx_HAL_Driver/Src/stm32f3xx_hal_uart.o
 .debug_aranges
                0x0000000000000a58       0x70 ./Drivers/STM32F3xx_HAL_Driver/Src/stm32f3xx_hal_uart_ex.o

.debug_rnglists
                0x0000000000000000      0x82f
 .debug_rnglists
                0x0000000000000000       0x13 ./Core/Src/dma.o
 .debug_rnglists
                0x0000000000000013       0x14 ./Core/Src/gpio.o
 .debug_rnglists
                0x0000000000000027       0x2c ./Core/Src/main.o
 .debug_rnglists
                0x0000000000000053       0x20 ./Core/Src/spi.o
 .debug_rnglists
                0x0000000000000073       0x13 ./Core/Src/stm32f3xx_hal_msp.o
 .debug_rnglists
                0x0000000000000086       0x61 ./Core/Src/stm32f3xx_it.o
 .debug_rnglists
                0x00000000000000e7       0x1a ./Core/Src/system_stm32f3xx.o
 .debug_rnglists
                0x0000000000000101       0x26 ./Core/Src/usart.o
 .debug_rnglists
                0x0000000000000127       0x19 ./Core/Startup/startup_stm32f303retx.o
 .debug_rnglists
                0x0000000000000140       0x75 ./Core/lib/nRF24/NRF24L01.o
 .debug_rnglists
                0x00000000000001b5       0x20 ./Core/lib/sbus/sbus.o
 .debug_rnglists
                0x00000000000001d5       0xa3 ./Drivers/STM32F3xx_HAL_Driver/Src/stm32f3xx_hal.o
 .debug_rnglists
                0x0000000000000278       0xda ./Drivers/STM32F3xx_HAL_Driver/Src/stm32f3xx_hal_cortex.o
 .debug_rnglists
                0x0000000000000352       0x69 ./Drivers/STM32F3xx_HAL_Driver/Src/stm32f3xx_hal_dma.o
 .debug_rnglists
                0x00000000000003bb       0x3f ./Drivers/STM32F3xx_HAL_Driver/Src/stm32f3xx_hal_gpio.o
 .debug_rnglists
                0x00000000000003fa       0x66 ./Drivers/STM32F3xx_HAL_Driver/Src/stm32f3xx_hal_rcc.o
 .debug_rnglists
                0x0000000000000460       0x29 ./Drivers/STM32F3xx_HAL_Driver/Src/stm32f3xx_hal_rcc_ex.o
 .debug_rnglists
                0x0000000000000489      0x178 ./Drivers/STM32F3xx_HAL_Driver/Src/stm32f3xx_hal_spi.o
 .debug_rnglists
                0x0000000000000601      0x1da ./Drivers/STM32F3xx_HAL_Driver/Src/stm32f3xx_hal_uart.o
 .debug_rnglists
                0x00000000000007db       0x54 ./Drivers/STM32F3xx_HAL_Driver/Src/stm32f3xx_hal_uart_ex.o

.debug_macro    0x0000000000000000    0x20386
 .debug_macro   0x0000000000000000      0x1f1 ./Core/Src/dma.o
 .debug_macro   0x00000000000001f1      0xaa8 ./Core/Src/dma.o
 .debug_macro   0x0000000000000c99      0x157 ./Core/Src/dma.o
 .debug_macro   0x0000000000000df0       0x2e ./Core/Src/dma.o
 .debug_macro   0x0000000000000e1e       0x28 ./Core/Src/dma.o
 .debug_macro   0x0000000000000e46       0x22 ./Core/Src/dma.o
 .debug_macro   0x0000000000000e68       0x8e ./Core/Src/dma.o
 .debug_macro   0x0000000000000ef6       0x51 ./Core/Src/dma.o
 .debug_macro   0x0000000000000f47      0x103 ./Core/Src/dma.o
 .debug_macro   0x000000000000104a       0x6a ./Core/Src/dma.o
 .debug_macro   0x00000000000010b4      0x1df ./Core/Src/dma.o
 .debug_macro   0x0000000000001293       0x1c ./Core/Src/dma.o
 .debug_macro   0x00000000000012af       0x22 ./Core/Src/dma.o
 .debug_macro   0x00000000000012d1       0xd9 ./Core/Src/dma.o
 .debug_macro   0x00000000000013aa     0x102d ./Core/Src/dma.o
 .debug_macro   0x00000000000023d7      0x11f ./Core/Src/dma.o
 .debug_macro   0x00000000000024f6    0x1535a ./Core/Src/dma.o
 .debug_macro   0x0000000000017850       0x6d ./Core/Src/dma.o
 .debug_macro   0x00000000000178bd     0x3574 ./Core/Src/dma.o
 .debug_macro   0x000000000001ae31      0x174 ./Core/Src/dma.o
 .debug_macro   0x000000000001afa5       0x55 ./Core/Src/dma.o
 .debug_macro   0x000000000001affa      0x953 ./Core/Src/dma.o
 .debug_macro   0x000000000001b94d      0x84a ./Core/Src/dma.o
 .debug_macro   0x000000000001c197      0x1b5 ./Core/Src/dma.o
 .debug_macro   0x000000000001c34c      0x23a ./Core/Src/dma.o
 .debug_macro   0x000000000001c586      0x1ea ./Core/Src/dma.o
 .debug_macro   0x000000000001c770      0x1bc ./Core/Src/dma.o
 .debug_macro   0x000000000001c92c       0x30 ./Core/Src/dma.o
 .debug_macro   0x000000000001c95c       0x3c ./Core/Src/dma.o
 .debug_macro   0x000000000001c998      0x235 ./Core/Src/dma.o
 .debug_macro   0x000000000001cbcd       0xc5 ./Core/Src/dma.o
 .debug_macro   0x000000000001cc92      0x21d ./Core/Src/dma.o
 .debug_macro   0x000000000001ceaf      0x22c ./Core/Src/dma.o
 .debug_macro   0x000000000001d0db       0x5b ./Core/Src/dma.o
 .debug_macro   0x000000000001d136       0xa5 ./Core/Src/dma.o
 .debug_macro   0x000000000001d1db       0x81 ./Core/Src/dma.o
 .debug_macro   0x000000000001d25c       0xd3 ./Core/Src/dma.o
 .debug_macro   0x000000000001d32f      0x2fe ./Core/Src/dma.o
 .debug_macro   0x000000000001d62d      0x5ba ./Core/Src/dma.o
 .debug_macro   0x000000000001dbe7       0x44 ./Core/Src/dma.o
 .debug_macro   0x000000000001dc2b      0x347 ./Core/Src/dma.o
 .debug_macro   0x000000000001df72       0x7c ./Core/Src/dma.o
 .debug_macro   0x000000000001dfee      0x1f1 ./Core/Src/gpio.o
 .debug_macro   0x000000000001e1df      0x225 ./Core/Src/main.o
 .debug_macro   0x000000000001e404       0x10 ./Core/Src/main.o
 .debug_macro   0x000000000001e414       0xee ./Core/Src/main.o
 .debug_macro   0x000000000001e502      0x1f1 ./Core/Src/spi.o
 .debug_macro   0x000000000001e6f3      0x1e7 ./Core/Src/stm32f3xx_hal_msp.o
 .debug_macro   0x000000000001e8da      0x1f1 ./Core/Src/stm32f3xx_it.o
 .debug_macro   0x000000000001eacb      0x1d8 ./Core/Src/system_stm32f3xx.o
 .debug_macro   0x000000000001eca3      0x1f1 ./Core/Src/usart.o
 .debug_macro   0x000000000001ee94      0x1ff ./Core/lib/nRF24/NRF24L01.o
 .debug_macro   0x000000000001f093      0x1e7 ./Core/lib/sbus/sbus.o
 .debug_macro   0x000000000001f27a      0x1fc ./Drivers/STM32F3xx_HAL_Driver/Src/stm32f3xx_hal.o
 .debug_macro   0x000000000001f476      0x1d8 ./Drivers/STM32F3xx_HAL_Driver/Src/stm32f3xx_hal_cortex.o
 .debug_macro   0x000000000001f64e      0x1d8 ./Drivers/STM32F3xx_HAL_Driver/Src/stm32f3xx_hal_dma.o
 .debug_macro   0x000000000001f826      0x1df ./Drivers/STM32F3xx_HAL_Driver/Src/stm32f3xx_hal_gpio.o
 .debug_macro   0x000000000001fa05      0x1fc ./Drivers/STM32F3xx_HAL_Driver/Src/stm32f3xx_hal_rcc.o
 .debug_macro   0x000000000001fc01      0x1d8 ./Drivers/STM32F3xx_HAL_Driver/Src/stm32f3xx_hal_rcc_ex.o
 .debug_macro   0x000000000001fdd9      0x1e0 ./Drivers/STM32F3xx_HAL_Driver/Src/stm32f3xx_hal_spi.o
 .debug_macro   0x000000000001ffb9      0x1f5 ./Drivers/STM32F3xx_HAL_Driver/Src/stm32f3xx_hal_uart.o
 .debug_macro   0x00000000000201ae      0x1d8 ./Drivers/STM32F3xx_HAL_Driver/Src/stm32f3xx_hal_uart_ex.o

.debug_line     0x0000000000000000    0x10657
 .debug_line    0x0000000000000000      0x77a ./Core/Src/dma.o
 .debug_line    0x000000000000077a      0x7ab ./Core/Src/gpio.o
 .debug_line    0x0000000000000f25      0x9c3 ./Core/Src/main.o
 .debug_line    0x00000000000018e8      0x83b ./Core/Src/spi.o
 .debug_line    0x0000000000002123      0x77b ./Core/Src/stm32f3xx_hal_msp.o
 .debug_line    0x000000000000289e      0x8b4 ./Core/Src/stm32f3xx_it.o
 .debug_line    0x0000000000003152      0x7f5 ./Core/Src/system_stm32f3xx.o
 .debug_line    0x0000000000003947      0x882 ./Core/Src/usart.o
 .debug_line    0x00000000000041c9       0x7a ./Core/Startup/startup_stm32f303retx.o
 .debug_line    0x0000000000004243      0xa79 ./Core/lib/nRF24/NRF24L01.o
 .debug_line    0x0000000000004cbc      0x9a5 ./Core/lib/sbus/sbus.o
 .debug_line    0x0000000000005661      0xa25 ./Drivers/STM32F3xx_HAL_Driver/Src/stm32f3xx_hal.o
 .debug_line    0x0000000000006086      0xd18 ./Drivers/STM32F3xx_HAL_Driver/Src/stm32f3xx_hal_cortex.o
 .debug_line    0x0000000000006d9e      0xd39 ./Drivers/STM32F3xx_HAL_Driver/Src/stm32f3xx_hal_dma.o
 .debug_line    0x0000000000007ad7      0xbac ./Drivers/STM32F3xx_HAL_Driver/Src/stm32f3xx_hal_gpio.o
 .debug_line    0x0000000000008683     0x13d7 ./Drivers/STM32F3xx_HAL_Driver/Src/stm32f3xx_hal_rcc.o
 .debug_line    0x0000000000009a5a      0xf13 ./Drivers/STM32F3xx_HAL_Driver/Src/stm32f3xx_hal_rcc_ex.o
 .debug_line    0x000000000000a96d     0x1fd7 ./Drivers/STM32F3xx_HAL_Driver/Src/stm32f3xx_hal_spi.o
 .debug_line    0x000000000000c944     0x3177 ./Drivers/STM32F3xx_HAL_Driver/Src/stm32f3xx_hal_uart.o
 .debug_line    0x000000000000fabb      0xb9c ./Drivers/STM32F3xx_HAL_Driver/Src/stm32f3xx_hal_uart_ex.o

.debug_str      0x0000000000000000    0xbf0bf
 .debug_str     0x0000000000000000    0xbc04f ./Core/Src/dma.o
                                      0xbc80b (size before relaxing)
 .debug_str     0x00000000000bc04f       0xe9 ./Core/Src/gpio.o
                                      0xbc40a (size before relaxing)
 .debug_str     0x00000000000bc138      0x714 ./Core/Src/main.o
                                      0xbca5e (size before relaxing)
 .debug_str     0x00000000000bc84c      0x419 ./Core/Src/spi.o
                                      0xbcd55 (size before relaxing)
 .debug_str     0x00000000000bcc65       0x49 ./Core/Src/stm32f3xx_hal_msp.o
                                      0xbc35c (size before relaxing)
 .debug_str     0x00000000000bccae      0x338 ./Core/Src/stm32f3xx_it.o
                                      0xbca30 (size before relaxing)
 .debug_str     0x00000000000bcfe6       0xe9 ./Core/Src/system_stm32f3xx.o
                                      0xbc249 (size before relaxing)
 .debug_str     0x00000000000bd0cf       0x58 ./Core/Src/usart.o
                                      0xbcdb4 (size before relaxing)
 .debug_str     0x00000000000bd127       0x34 ./Core/Startup/startup_stm32f303retx.o
                                         0x79 (size before relaxing)
 .debug_str     0x00000000000bd15b      0x1aa ./Core/lib/nRF24/NRF24L01.o
                                      0xbc9ee (size before relaxing)
 .debug_str     0x00000000000bd305       0x6f ./Core/lib/sbus/sbus.o
                                      0xbc626 (size before relaxing)
 .debug_str     0x00000000000bd374      0x370 ./Drivers/STM32F3xx_HAL_Driver/Src/stm32f3xx_hal.o
                                      0xbcaf2 (size before relaxing)
 .debug_str     0x00000000000bd6e4      0x376 ./Drivers/STM32F3xx_HAL_Driver/Src/stm32f3xx_hal_cortex.o
                                      0xbcb76 (size before relaxing)
 .debug_str     0x00000000000bda5a      0x21e ./Drivers/STM32F3xx_HAL_Driver/Src/stm32f3xx_hal_dma.o
                                      0xbc591 (size before relaxing)
 .debug_str     0x00000000000bdc78      0x172 ./Drivers/STM32F3xx_HAL_Driver/Src/stm32f3xx_hal_gpio.o
                                      0xbc42e (size before relaxing)
 .debug_str     0x00000000000bddea      0x2dd ./Drivers/STM32F3xx_HAL_Driver/Src/stm32f3xx_hal_rcc.o
                                      0xbc6ed (size before relaxing)
 .debug_str     0x00000000000be0c7       0xbe ./Drivers/STM32F3xx_HAL_Driver/Src/stm32f3xx_hal_rcc_ex.o
                                      0xbc537 (size before relaxing)
 .debug_str     0x00000000000be185      0x559 ./Drivers/STM32F3xx_HAL_Driver/Src/stm32f3xx_hal_spi.o
                                      0xbcb6f (size before relaxing)
 .debug_str     0x00000000000be6de      0x829 ./Drivers/STM32F3xx_HAL_Driver/Src/stm32f3xx_hal_uart.o
                                      0xbcf6c (size before relaxing)
 .debug_str     0x00000000000bef07      0x1b8 ./Drivers/STM32F3xx_HAL_Driver/Src/stm32f3xx_hal_uart_ex.o
                                      0xbc871 (size before relaxing)

.debug_frame    0x0000000000000000     0x29ac
 .debug_frame   0x0000000000000000       0x34 ./Core/Src/dma.o
 .debug_frame   0x0000000000000034       0x34 ./Core/Src/gpio.o
 .debug_frame   0x0000000000000068       0xbc ./Core/Src/main.o
 .debug_frame   0x0000000000000124       0x74 ./Core/Src/spi.o
 .debug_frame   0x0000000000000198       0x34 ./Core/Src/stm32f3xx_hal_msp.o
 .debug_frame   0x00000000000001cc      0x190 ./Core/Src/stm32f3xx_it.o
 .debug_frame   0x000000000000035c       0x58 ./Core/Src/system_stm32f3xx.o
 .debug_frame   0x00000000000003b4       0x90 ./Core/Src/usart.o
 .debug_frame   0x0000000000000444      0x250 ./Core/lib/nRF24/NRF24L01.o
 .debug_frame   0x0000000000000694       0x80 ./Core/lib/sbus/sbus.o
 .debug_frame   0x0000000000000714      0x334 ./Drivers/STM32F3xx_HAL_Driver/Src/stm32f3xx_hal.o
 .debug_frame   0x0000000000000a48      0x4e8 ./Drivers/STM32F3xx_HAL_Driver/Src/stm32f3xx_hal_cortex.o
 .debug_frame   0x0000000000000f30      0x224 ./Drivers/STM32F3xx_HAL_Driver/Src/stm32f3xx_hal_dma.o
 .debug_frame   0x0000000000001154      0x14c ./Drivers/STM32F3xx_HAL_Driver/Src/stm32f3xx_hal_gpio.o
 .debug_frame   0x00000000000012a0      0x214 ./Drivers/STM32F3xx_HAL_Driver/Src/stm32f3xx_hal_rcc.o
 .debug_frame   0x00000000000014b4       0xb0 ./Drivers/STM32F3xx_HAL_Driver/Src/stm32f3xx_hal_rcc_ex.o
 .debug_frame   0x0000000000001564      0x860 ./Drivers/STM32F3xx_HAL_Driver/Src/stm32f3xx_hal_spi.o
 .debug_frame   0x0000000000001dc4      0x9e8 ./Drivers/STM32F3xx_HAL_Driver/Src/stm32f3xx_hal_uart.o
 .debug_frame   0x00000000000027ac      0x1b4 ./Drivers/STM32F3xx_HAL_Driver/Src/stm32f3xx_hal_uart_ex.o
 .debug_frame   0x0000000000002960       0x20 C:/ST/STM32CubeIDE_1.14.1/STM32CubeIDE/plugins/com.st.stm32cube.ide.mcu.externaltools.gnu-tools-for-stm32.11.3.rel1.win32_1.1.100.202309141235/tools/bin/../lib/gcc/arm-none-eabi/11.3.1/../../../../arm-none-eabi/lib/thumb/v7e-m+fp/hard\libc_nano.a(libc_a-memset.o)
 .debug_frame   0x0000000000002980       0x2c C:/ST/STM32CubeIDE_1.14.1/STM32CubeIDE/plugins/com.st.stm32cube.ide.mcu.externaltools.gnu-tools-for-stm32.11.3.rel1.win32_1.1.100.202309141235/tools/bin/../lib/gcc/arm-none-eabi/11.3.1/../../../../arm-none-eabi/lib/thumb/v7e-m+fp/hard\libc_nano.a(libc_a-init.o)

.debug_line_str
                0x0000000000000000       0x6d
 .debug_line_str
                0x0000000000000000       0x6d ./Core/Startup/startup_stm32f303retx.o
                                         0x85 (size before relaxing)
